// Jest Snapshot v1, https://goo.gl/fbAQLP

exports[`Route Component should render Routes component 1`] = `
<BrowserRouter>
  <Switch>
    <Route
      component={[Function]}
      path="/login"
    />
    <Route
      component={
        Object {
          "$$typeof": Symbol(react.memo),
          "WrappedComponent": [Function],
          "compare": null,
          "displayName": "Connect(Signup)",
          "type": [Function],
        }
      }
      path="/signup"
    />
  </Switch>
</BrowserRouter>
`;
